
> adoptme@1.0.0 test
> mocha test/**/*.test.js --timeout 10000 --exit



  Tests funcionales del router /api/adoptions
    GET /api/adoptions
      Ô£ö debe responder 200 y devolver el listado completo de adopciones (40ms)
      Ô£ö debe responder 200 y un array vacio cuando no hay adopciones registradas
      Ô£ö debe responder 500 si el servicio de adopciones falla
    GET /api/adoptions/:aid
      Ô£ö debe responder 200 y devolver la adopcion solicitada
      Ô£ö debe responder 404 si la adopcion no existe
      Ô£ö debe responder 400 si el id no tiene formato valido de ObjectId
      Ô£ö debe responder 500 si el servicio lanza un error inesperado
    POST /api/adoptions/:uid/:pid
      Ô£ö debe responder 200 y registrar la adopcion cuando los datos son correctos
      Ô£ö debe agregar la mascota al array pets del usuario
      Ô£ö debe responder 404 si el usuario no existe
      Ô£ö debe responder 404 si la mascota no existe
      Ô£ö debe responder 400 si la mascota ya fue adoptada
      Ô£ö debe responder 400 si alguno de los ids tiene formato invalido
      Ô£ö debe responder 500 si falla la creacion de la adopcion
    Rutas no definidas en el router
      Ô£ö debe responder 404 ante un metodo no soportado sobre /api/adoptions


  15 passing (135ms)

